{"room":"arena","layer":"full","knights":20,"bullets":14,"archerPct":50,"arrows":true,"damage":true,"localArrows":true,"remoteArrows":true,"css":"","frozen":false,"fullHp":false,"noVignette":false,"feedHz":714,"hud":true,"dev":true,"seat":0,"storeStatus":"live","hudNodes":58,"commitP50":25.7,"commitP95":34.3,"commitP99":45.1,"commitMax":58.1,"rafP50":48.7,"rafP95":76.4,"overCount":399,"overPct":99.8,"frames":400,"wallMs":20742,"busyPct":50.7,"fps":19.3,"feedActualHz":51,"passages":0,"buildMs":21.3,"firstPaintMs":76.4,"stageW":1920,"stageH":1032,"stageMpx":1.98,"viewBox":"-97.99243272694252 -48 1219.984865453885 656","nodes":1062,"svgNodes":983,"jsHeapMB":8.3,"name":"k20-cpu6","cpu":6,"rep":0,"vpW":1920,"vpH":1080,"reducedMotion":false,"recalcStyle":881,"layout":881,"styleMs":4.63,"layoutMs":1.9,"scriptMs":6.5,"taskMs":22.96}
{"room":"arena","layer":"full","knights":10,"bullets":14,"archerPct":50,"arrows":true,"damage":true,"localArrows":true,"remoteArrows":true,"css":"","frozen":false,"fullHp":false,"noVignette":false,"feedHz":714,"hud":true,"dev":true,"seat":0,"storeStatus":"live","hudNodes":58,"commitP50":22.2,"commitP95":28.3,"commitP99":34.5,"commitMax":49.3,"rafP50":48.6,"rafP95":76.5,"overCount":381,"overPct":95.3,"frames":400,"wallMs":20321,"busyPct":44.1,"fps":19.7,"feedActualHz":89,"passages":0,"buildMs":18.2,"firstPaintMs":15.9,"stageW":1920,"stageH":1032,"stageMpx":1.98,"viewBox":"-97.99243272694252 -48 1219.984865453885 656","nodes":945,"svgNodes":866,"jsHeapMB":6.9,"name":"k10-cpu6","cpu":6,"rep":0,"vpW":1920,"vpH":1080,"reducedMotion":false,"recalcStyle":881,"layout":881,"styleMs":4.35,"layoutMs":1.69,"scriptMs":7.89,"taskMs":22.51}
{"room":"arena","layer":"full","knights":5,"bullets":14,"archerPct":50,"arrows":true,"damage":true,"localArrows":true,"remoteArrows":true,"css":"","frozen":false,"fullHp":false,"noVignette":false,"feedHz":714,"hud":true,"dev":true,"seat":0,"storeStatus":"live","hudNodes":58,"commitP50":19,"commitP95":24.7,"commitP99":29.8,"commitMax":44.6,"rafP50":53.9,"rafP95":76.5,"overCount":305,"overPct":76.3,"frames":400,"wallMs":20871,"busyPct":36.7,"fps":19.2,"feedActualHz":148,"passages":0,"buildMs":26.1,"firstPaintMs":19.5,"stageW":1920,"stageH":1032,"stageMpx":1.98,"viewBox":"-97.99243272694252 -48 1219.984865453885 656","nodes":888,"svgNodes":809,"jsHeapMB":11.8,"name":"k5-cpu6","cpu":6,"rep":0,"vpW":1920,"vpH":1080,"reducedMotion":false,"recalcStyle":883,"layout":883,"styleMs":3.73,"layoutMs":1.67,"scriptMs":9.67,"taskMs":23.08}
{"room":"arena","layer":"full","knights":1,"bullets":14,"archerPct":50,"arrows":true,"damage":true,"localArrows":true,"remoteArrows":true,"css":"","frozen":false,"fullHp":false,"noVignette":false,"feedHz":714,"hud":true,"dev":true,"seat":0,"storeStatus":"live","hudNodes":58,"commitP50":14.8,"commitP95":20.1,"commitP99":23.6,"commitMax":51.8,"rafP50":55.6,"rafP95":81.8,"overCount":106,"overPct":26.5,"frames":400,"wallMs":23566,"busyPct":26.1,"fps":17,"feedActualHz":314,"passages":0,"buildMs":25.8,"firstPaintMs":24.7,"stageW":1920,"stageH":1032,"stageMpx":1.98,"viewBox":"-97.99243272694252 -48 1219.984865453885 656","nodes":846,"svgNodes":767,"jsHeapMB":11,"name":"k1-cpu6","cpu":6,"rep":0,"vpW":1920,"vpH":1080,"reducedMotion":false,"recalcStyle":885,"layout":885,"styleMs":2.87,"layoutMs":1.7,"scriptMs":14.02,"taskMs":26.12}
{"room":"arena","layer":"full","knights":20,"bullets":14,"archerPct":50,"arrows":true,"damage":true,"localArrows":true,"remoteArrows":true,"css":"","frozen":false,"fullHp":false,"noVignette":false,"feedHz":714,"hud":true,"dev":true,"seat":0,"storeStatus":"live","hudNodes":58,"commitP50":7.1,"commitP95":10.1,"commitP99":14,"commitMax":18.6,"rafP50":79.8,"rafP95":110.8,"overCount":2,"overPct":0.5,"frames":400,"wallMs":33369,"busyPct":8.8,"fps":12,"feedActualHz":574,"passages":0,"buildMs":5.1,"firstPaintMs":60.7,"stageW":1920,"stageH":1032,"stageMpx":1.98,"viewBox":"-97.99243272694252 -48 1219.984865453885 656","nodes":1055,"svgNodes":976,"jsHeapMB":14.2,"name":"k20-cpu1","cpu":1,"rep":0,"vpW":1920,"vpH":1080,"reducedMotion":false,"recalcStyle":884,"layout":884,"styleMs":3.8,"layoutMs":0.6,"scriptMs":18.84,"taskMs":35.55}
{"room":"arena","layer":"full","knights":10,"bullets":14,"archerPct":50,"arrows":true,"damage":true,"localArrows":true,"remoteArrows":true,"css":"","frozen":false,"fullHp":false,"noVignette":false,"feedHz":714,"hud":true,"dev":true,"seat":0,"storeStatus":"live","hudNodes":58,"commitP50":4.9,"commitP95":6.8,"commitP99":10.4,"commitMax":14,"rafP50":76.3,"rafP95":124.2,"overCount":0,"overPct":0,"frames":400,"wallMs":32461,"busyPct":6.4,"fps":12.3,"feedActualHz":621,"passages":0,"buildMs":3.1,"firstPaintMs":42.4,"stageW":1920,"stageH":1032,"stageMpx":1.98,"viewBox":"-97.99243272694252 -48 1219.984865453885 656","nodes":945,"svgNodes":866,"jsHeapMB":27.3,"name":"k10-cpu1","cpu":1,"rep":0,"vpW":1920,"vpH":1080,"reducedMotion":false,"recalcStyle":884,"layout":884,"styleMs":2.19,"layoutMs":0.48,"scriptMs":17.29,"taskMs":33.58}
{"room":"arena","layer":"full","knights":5,"bullets":14,"archerPct":50,"arrows":true,"damage":true,"localArrows":true,"remoteArrows":true,"css":"","frozen":false,"fullHp":false,"noVignette":false,"feedHz":714,"hud":true,"dev":true,"seat":0,"storeStatus":"live","hudNodes":58,"commitP50":3.7,"commitP95":4.8,"commitP99":6.4,"commitMax":18.8,"rafP50":74.9,"rafP95":119.8,"overCount":1,"overPct":0.3,"frames":400,"wallMs":31733,"busyPct":4.8,"fps":12.6,"feedActualHz":657,"passages":0,"buildMs":3.5,"firstPaintMs":90.1,"stageW":1920,"stageH":1032,"stageMpx":1.98,"viewBox":"-97.99243272694252 -48 1219.984865453885 656","nodes":888,"svgNodes":809,"jsHeapMB":8.3,"name":"k5-cpu1","cpu":1,"rep":0,"vpW":1920,"vpH":1080,"reducedMotion":false,"recalcStyle":884,"layout":884,"styleMs":1.21,"layoutMs":0.42,"scriptMs":16.48,"taskMs":32.65}
{"room":"arena","layer":"full","knights":1,"bullets":14,"archerPct":50,"arrows":true,"damage":true,"localArrows":true,"remoteArrows":true,"css":"","frozen":false,"fullHp":false,"noVignette":false,"feedHz":714,"hud":true,"dev":true,"seat":0,"storeStatus":"live","hudNodes":58,"commitP50":2.5,"commitP95":4.1,"commitP99":11.5,"commitMax":23.3,"rafP50":69.5,"rafP95":149.2,"overCount":3,"overPct":0.8,"frames":400,"wallMs":31675,"busyPct":3.6,"fps":12.6,"feedActualHz":669,"passages":0,"buildMs":3.6,"firstPaintMs":76.1,"stageW":1920,"stageH":1032,"stageMpx":1.98,"viewBox":"-97.99243272694252 -48 1219.984865453885 656","nodes":846,"svgNodes":767,"jsHeapMB":23.8,"name":"k1-cpu1","cpu":1,"rep":0,"vpW":1920,"vpH":1080,"reducedMotion":false,"recalcStyle":883,"layout":883,"styleMs":0.51,"layoutMs":0.38,"scriptMs":16.32,"taskMs":31.99}
{"room":"lobby","layer":"full","knights":20,"bullets":14,"archerPct":50,"arrows":true,"damage":true,"localArrows":true,"remoteArrows":true,"css":"","frozen":false,"fullHp":false,"noVignette":false,"feedHz":714,"hud":true,"dev":true,"seat":0,"storeStatus":"live","hudNodes":59,"commitP50":29.5,"commitP95":45.5,"commitP99":96.9,"commitMax":230.6,"rafP50":48.6,"rafP95":90.2,"overCount":400,"overPct":100,"frames":400,"wallMs":21900,"busyPct":58.2,"fps":18.3,"feedActualHz":28,"passages":0,"buildMs":23.1,"firstPaintMs":292.6,"stageW":1920,"stageH":1032,"stageMpx":1.98,"viewBox":"-97.99243272694252 432 1219.984865453885 656","nodes":1133,"svgNodes":1053,"jsHeapMB":9.3,"name":"lobby-k20-cpu6","cpu":6,"rep":0,"vpW":1920,"vpH":1080,"reducedMotion":false,"recalcStyle":880,"layout":880,"styleMs":4.39,"layoutMs":2.55,"scriptMs":5.41,"taskMs":24.46}
{"room":"lobby","layer":"full","knights":20,"bullets":14,"archerPct":50,"arrows":true,"damage":true,"localArrows":true,"remoteArrows":true,"css":"","frozen":false,"fullHp":false,"noVignette":false,"feedHz":714,"hud":true,"dev":true,"seat":0,"storeStatus":"live","hudNodes":59,"commitP50":8.6,"commitP95":14,"commitP99":37.9,"commitMax":70.8,"rafP50":69.5,"rafP95":159.7,"overCount":11,"overPct":2.8,"frames":400,"wallMs":31694,"busyPct":12.3,"fps":12.6,"feedActualHz":497,"passages":0,"buildMs":5,"firstPaintMs":14.9,"stageW":1920,"stageH":1032,"stageMpx":1.98,"viewBox":"-97.99243272694252 432 1219.984865453885 656","nodes":1133,"svgNodes":1053,"jsHeapMB":17.4,"name":"lobby-k20-cpu1","cpu":1,"rep":0,"vpW":1920,"vpH":1080,"reducedMotion":false,"recalcStyle":915,"layout":915,"styleMs":4.58,"layoutMs":0.83,"scriptMs":18.36,"taskMs":34.1}
CASE FAILED passage-k20-cpu6 attempt 0 page.evaluate: Target page, context or browser has been closed
Browser logs:

<launching> /opt/google/chrome/chrome --disable-field-trial-config --disable-background-networking --disable-background-timer-throttling --disable-backgrounding-occluded-windows --disable-back-forward-cache --disable-breakpad --disable-client-side-phishing-detection --disable-component-extensions-with-background-pages --disable-component-update --no-default-browser-check --disable-default-apps --disable-dev-shm-usage --disable-edgeupdater --disable-extensions --disable-features=AvoidUnnecessaryBeforeUnloadCheckSync,BoundaryEventDispatchTracksNodeRemoval,DestroyProfileOnBrowserClose,DialMediaRouteProvider,GlobalMediaControls,HttpsUpgrades,LensOverlay,MediaRouter,PaintHolding,ThirdPartyStoragePartitioning,BlockOriginHeaderModificationOnRedirect,Translate,AutoDeElevate,OptimizationHints,msForceBrowserSignIn,msEdgeUpdateLaunchServicesPreferredVersion --enable-features=CDPScreenshotNewSurface --allow-pre-commit-input --disable-hang-monitor --disable-ipc-flooding-protection --disable-popup-blocking --disable-prompt-on-repost --disable-renderer-backgrounding --disable-updater-scheduler --force-color-profile=srgb --metrics-recording-only --no-first-run --password-store=basic --use-mock-keychain --no-service-autorun --export-tagged-pdf --disable-search-engine-choice-screen --unsafely-disable-devtools-self-xss-warnings --edge-skip-compat-layer-relaunch --disable-infobars --disable-search-engine-choice-screen --disable-sync --enable-unsafe-swiftshader --no-sandbox --user-data-dir=/tmp/playwright_chromiumdev_profile-KokWF6 --remote-debugging-pipe --no-startup-window
<launched> pid=1313492
[pid=1313492][err] [0902/160525.588400:WARNING:chrome/app/chrome_main_linux.cc:84] Read channel stable from /opt/google/chrome/CHROME_VERSION_EXTRA
[pid=1313492][err] [1313544:1313544:0902/160526.505089:ERROR:ui/ozone/platform/wayland/gpu/wayland_surface_factory.cc:249] '--ozone-platform=wayland' is not compatible with Vulkan. Consider switching to '--ozone-platform=x11' or disabling Vulkan
[pid=1313492][err] [1313575:1313579:0902/160527.031328:ERROR:base/nix/mime_util_xdg.cc:139] Invalid mime.cache file does not contain null prior to ALIAS_LIST_OFFSET=44
[pid=1313492][err] [1313492:1313516:0902/160536.204037:ERROR:google_apis/gcm/engine/registration_request.cc:291] Registration response error message: DEPRECATED_ENDPOINT
[pid=1313492][err] [1313544:1313544:0902/160554.084535:ERROR:gpu/command_buffer/service/shared_context_state.cc:1317] SharedContextState context lost via EXT_robustness. Reset status = GL_GUILTY_CONTEXT_RESET_KHR
[pid=1313492][err] [1313544:1313544:0902/160554.086866:ERROR:components/viz/service/gl/exit_code.cc:13] Restarting GPU process due to unrecoverable error. Context was lost.
[pid=1313492][err] [1313492:1313492:0902/160559.028614:ERROR:content/browser/gpu/gpu_process_host.cc:1035] GPU process exited unexpectedly: exit_code=8704
[pid=1313492][err] libEGL warning: pci id for fd 19: 10de:28a1, driver (null)
[pid=1313492][err] 
[pid=1313492][err] pci id for fd 20: 10de:28a1, driver (null)
[pid=1313492][err] pci id for fd 21: 10de:28a1, driver (null)
[pid=1313492][err] libEGL warning: egl: failed to create dri2 screen
[pid=1313492][err] libEGL warning: pci id for fd 19: 10de:28a1, driver (null)
[pid=1313492][err] 
[pid=1313492][err] pci id for fd 20: 10de:28a1, driver (null)
[pid=1313492][err] pci id for fd 21: 10de:28a1, driver (null)
[pid=1313492][err] libEGL warning: egl: failed to create dri2 screen
[pid=1313492][err] libEGL warning: pci id for fd 19: 10de:28a1, driver (null)
[pid=1313492][err] 
[pid=1313492][err] [1313913:1313913:0902/160601.005105:ERROR:ui/ozone/platform/wayland/gpu/gbm_pixmap_wayland.cc:104] Cannot create bo with format=RGBA_8888 and usage=Scanout|Rendering|Texturing
[pid=1313492][err] [1313913:1313913:0902/160601.035538:ERROR:ui/gl/angle_platform_impl.cc:47] ImageEGL.cpp:118 (operator()): eglCreateImage failed with 0x00003009
[pid=1313492][err] ERR: ImageEGL.cpp:118 (operator()): eglCreateImage failed with 0x00003009
[pid=1313492][err] [1313913:1313913:0902/160601.036680:ERROR:ui/gl/scoped_egl_image.cc:23] Failed to create EGLImage: EGL_SUCCESS
[pid=1313492][err] [1313913:1313913:0902/160601.037859:ERROR:ui/ozone/common/native_pixmap_egl_binding.cc:76] Unable to initialize binding from pixmap
[pid=1313492][err] [1313913:1313913:0902/160601.040054:ERROR:gpu/command_buffer/service/shared_image/ozone_image_backing.cc:317] OzoneImageBacking::ProduceSkiaGanesh failed to create GL representation
[pid=1313492][err] [1313913:1313913:0902/160601.041408:ERROR:gpu/command_buffer/service/shared_image/shared_image_manager.cc:269] SharedImageManager::ProduceSkia: Trying to produce a Skia representation from an incompatible backing: CompoundImageBacking
[pid=1313492][err] [1313913:1313913:0902/160601.043169:ERROR:components/viz/service/gl/exit_code.cc:13] Restarting GPU process due to unrecoverable error. Context was lost.
[pid=1313492][err] [1313492:1313492:0902/160601.094153:ERROR:content/browser/gpu/gpu_process_host.cc:1035] GPU process exited unexpectedly: exit_code=8704
[pid=1313492][err] libEGL warning: pci id for fd 19: 10de:28a1, driver (null)
[pid=1313492][err] 
[pid=1313492][err] pci id for fd 20: 10de:28a1, driver (null)
[pid=1313492][err] pci id for fd 21: 10de:28a1, driver (null)
[pid=1313492][err] libEGL warning: egl: failed to create dri2 screen
[pid=1313492][err] libEGL warning: pci id for fd 19: 10de:28a1, driver (null)
[pid=1313492][err] 
[pid=1313492][err] pci id for fd 20: 10de:28a1, driver (null)
[pid=1313492][err] pci id for fd 21: 10de:28a1, driver (null)
[pid=1313492][err] libEGL warning: egl: failed to create dri2 screen
[pid=1313492][err] libEGL warning: pci id for fd 19: 10de:28a1, driver (null)
[pid=1313492][err] 
[pid=1313492][err] [1313988:1313988:0902/160602.424431:ERROR:ui/ozone/platform/wayland/gpu/gbm_pixmap_wayland.cc:104] Cannot create bo with format=RGBA_8888 and usage=Scanout|Rendering|Texturing
[pid=1313492][err] [1313988:1313988:0902/160602.429034:ERROR:ui/gl/angle_platform_impl.cc:47] ImageEGL.cpp:118 (operator()): eglCreateImage failed with 0x00003009
[pid=1313492][err] ERR: ImageEGL.cpp:118 (operator()): eglCreateImage failed with 0x00003009
[pid=1313492][err] [1313988:1313988:0902/160602.429345:ERROR:ui/gl/scoped_egl_image.cc:23] Failed to create EGLImage: EGL_SUCCESS
[pid=1313492][err] [1313988:1313988:0902/160602.429534:ERROR:ui/ozone/common/native_pixmap_egl_binding.cc:76] Unable to initialize binding from pixmap
[pid=1313492][err] [1313988:1313988:0902/160602.429771:ERROR:gpu/command_buffer/service/shared_image/ozone_image_backing.cc:317] OzoneImageBacking::ProduceSkiaGanesh failed to create GL representation
[pid=1313492][err] [1313988:1313988:0902/160602.430028:ERROR:gpu/command_buffer/service/shared_image/shared_image_manager.cc:269] SharedImageManager::ProduceSkia: Trying to produce a Skia representation from an incompatible backing: CompoundImageBacking
[pid=1313492][err] [1313988:1313988:0902/160602.430445:ERROR:components/viz/service/gl/exit_code.cc:13] Restarting GPU process due to unrecoverable error. Context was lost.
[pid=1313492][err] [1313492:1313492:0902/160602.482968:ERROR:content/browser/gpu/gpu_process_host.cc:1035] GPU process exited unexpectedly: exit_code=8704
[pid=1313492][err] [1313587:1313587:0902/160602.478449:ERROR:gpu/ipc/client/command_buffer_proxy_impl.cc:285] ContextResult::kTransientFailure: Failed to send GpuControl.CreateCommandBuffer.
[pid=1313492][err] [1313492:1313516:0902/160604.470020:ERROR:google_apis/gcm/engine/registration_request.cc:291] Registration response error message: DEPRECATED_ENDPOINT
[pid=1313492][err] Gdk-Message: 16:06:36.141: Lost connection to Wayland compositor.
